// Jest Snapshot v1, https://goo.gl/fbAQLP

exports[`steps > writeConfigs writes merged configs 1`] = `
"foo
"
`;

exports[`steps > writeConfigs writes merged configs 2`] = `
"bar
"
`;

exports[`steps > writeConfigs writes merged configs 3`] = `
"baz
"
`;
