// Jest Snapshot v1, https://goo.gl/fbAQLP

exports[`pipes > yaspeller > pipe JSON should merge configs 1`] = `
"{
  \\"lang\\": \\"en\\",
  \\"ignoreCapitalization\\": false,
  \\"excludeFiles\\": [
    \\"README-*.md\\",
    \\"CHANGELOG.md\\"
  ],
  \\"ignoreText\\": [
    \\" \\\\\\\\(by [^)]+\\\\\\\\).\\"
  ],
  \\"ignoreTags\\": [
    \\"foo\\"
  ],
  \\"dictionary\\": [
    \\"cryptographically\\",
    \\"formatAsync\\",
    \\"generateAsync\\",
    \\"gzip\\",
    \\"gzipped\\",
    \\"Haskell\\",
    \\"js\\",
    \\"JSDoc\\",
    \\"nanoid\\",
    \\"Nim\\",
    \\"nonSecure\\",
    \\"npm\\",
    \\"UUID\\",
    \\"v4\\",
    \\"Versioning\\",
    \\"JS\\",
    \\"PouchDB\\",
    \\"CouchDB\\",
    \\"Async\\",
    \\"asyncGenerator\\",
    \\"CLI\\",
    \\"Clojure\\",
    \\"ClojureScript\\",
    \\"Crypto\\"
  ],
  \\"fileExtensions\\": [
    \\"bar\\"
  ]
}"
`;
