// Jest Snapshot v1, https://goo.gl/fbAQLP

exports[`steps > mergeConfigsPackages > mixed merge and writes configs and package.json 1`] = `
"{
  \\"env\\": {
    \\"browser\\": true,
    \\"es6\\": true,
    \\"node\\": true,
    \\"jest\\": true
  },
  \\"globals\\": {
    \\"foo\\": true,
    \\"bar\\": true
  },
  \\"extends\\": \\"airbnb\\",
  \\"rules\\": {
    \\"max-len\\": [
      \\"warn\\",
      120,
      4,
      {
        \\"ignoreUrls\\": false,
        \\"ignoreComments\\": true,
        \\"ignoreStrings\\": false
      }
    ],
    \\"space-before-function-paren\\": 1,
    \\"no-console\\": 0
  },
  \\"parserOptions\\": {
    \\"parser\\": \\"babel-eslint\\",
    \\"ecmaVersion\\": 7,
    \\"ecmaFeatures\\": {
      \\"spread\\": true
    },
    \\"sourceType\\": \\"module\\"
  }
}"
`;

exports[`steps > mergeConfigsPackages > mixed merge and writes configs and package.json 2`] = `
"{
  \\"presets\\": [
    [
      \\"env\\",
      {
        \\"modules\\": false,
        \\"targets\\": {
          \\"browsers\\": [
            \\"> 1%\\",
            \\"last 2 versions\\",
            \\"not ie > 0\\"
          ]
        }
      }
    ],
    \\"stage-2\\"
  ],
  \\"plugins\\": [
    [
      \\"syntax-dynamic-import\\",
      {
        \\"foo\\": \\"bar\\"
      }
    ],
    \\"lodash\\"
  ],
  \\"env\\": {
    \\"test\\": {
      \\"presets\\": [
        \\"env\\",
        \\"stage-2\\"
      ],
      \\"plugins\\": [
        \\"dynamic-import-node\\"
      ]
    }
  },
  \\"ignore\\": [
    \\"*.babelrc\\"
  ]
}"
`;

exports[`steps > mergeConfigsPackages > mixed merge and writes configs and package.json 3`] = `
"node_modules
foo
bar
baz"
`;

exports[`steps > mergeConfigsPackages > mixed merge and writes configs and package.json 4`] = `
"node_modules
foo
bar
baz"
`;

exports[`steps > mergeConfigsPackages > mixed merge and writes configs and package.json 5`] = `
"{
  \\"lang\\": \\"en\\",
  \\"ignoreCapitalization\\": false,
  \\"excludeFiles\\": [
    \\"README-*.md\\",
    \\"CHANGELOG.md\\"
  ],
  \\"ignoreText\\": [
    \\" \\\\\\\\(by [^)]+\\\\\\\\).\\"
  ],
  \\"ignoreTags\\": [
    \\"foo\\"
  ],
  \\"dictionary\\": [
    \\"cryptographically\\",
    \\"formatAsync\\",
    \\"generateAsync\\",
    \\"gzip\\",
    \\"gzipped\\",
    \\"Haskell\\",
    \\"js\\",
    \\"JSDoc\\",
    \\"nanoid\\",
    \\"Nim\\",
    \\"nonSecure\\",
    \\"npm\\",
    \\"UUID\\",
    \\"v4\\",
    \\"Versioning\\",
    \\"JS\\",
    \\"PouchDB\\",
    \\"CouchDB\\",
    \\"Async\\",
    \\"asyncGenerator\\",
    \\"CLI\\",
    \\"Clojure\\",
    \\"ClojureScript\\",
    \\"Crypto\\"
  ],
  \\"fileExtensions\\": [
    \\"bar\\"
  ]
}"
`;

exports[`steps > mergeConfigsPackages > mixed merge and writes configs and package.json 6`] = `
"{
  \\"scripts\\": {
    \\"api\\": \\"documentation build *.js -f md -o api.md\\",
    \\"spell\\": \\"yarn api && yaspeller-ci *.md\\",
    \\"clean\\": \\"rimraf api.md coverage/\\",
    \\"test\\": \\"jest --coverage && eslint-ci . && size-limit && yarn spell\\"
  },
  \\"devDependencies\\": {
    \\"@logux/eslint-config\\": \\"^33.0.0\\",
    \\"clean-publish\\": \\"^1.1.2\\",
    \\"documentation\\": \\"^12.1.2\\",
    \\"eslint\\": \\"^6.5.1\\",
    \\"eslint-ci\\": \\"^1.0.0\\",
    \\"eslint-plugin-es5\\": \\"^1.4.1\\",
    \\"eslint-plugin-import\\": \\"^2.18.2\\",
    \\"eslint-plugin-jest\\": \\"^22.20.0\\",
    \\"eslint-plugin-node\\": \\"^10.0.0\\",
    \\"eslint-plugin-promise\\": \\"^4.2.1\\",
    \\"eslint-plugin-security\\": \\"^1.4.0\\",
    \\"eslint-plugin-standard\\": \\"^4.0.0\\",
    \\"eslint-config-standard\\": \\"^13.0.1\\",
    \\"husky\\": \\"^3.0.9\\",
    \\"jest\\": \\"^24.9.0\\",
    \\"lint-staged\\": \\"^9.4.2\\",
    \\"rimraf\\": \\"^2.6.3\\",
    \\"size-limit\\": \\"^1.3.7\\",
    \\"yaspeller-ci\\": \\"^1.0.1\\",
    \\"@size-limit/preset-small-lib\\": \\"^2.1.6\\",
    \\"eslint-plugin-prefer-let\\": \\"^1.0.1\\",
    \\"eslint-plugin-unicorn\\": \\"^12.1.0\\"
  },
  \\"husky\\": {
    \\"hooks\\": {
      \\"pre-commit\\": \\"lint-staged\\"
    }
  },
  \\"lint-staged\\": {
    \\"*.md\\": \\"yaspeller-ci\\",
    \\"*.js\\": \\"eslint\\"
  },
  \\"jest\\": {
    \\"testEnvironment\\": \\"node\\",
    \\"coverageThreshold\\": {
      \\"global\\": {
        \\"statements\\": 100
      }
    }
  },
  \\"eslintConfig\\": {
    \\"extends\\": \\"@logux/eslint-config/browser\\"
  },
  \\"eslintIgnore\\": [
    \\"node_modules\\"
  ],
  \\"yaspeller\\": {
    \\"lang\\": \\"en\\",
    \\"ignoreCapitalization\\": true,
    \\"ignoreText\\": [
      \\" \\\\\\\\(by [^)]+\\\\\\\\).\\"
    ]
  }
}"
`;
