// Jest Snapshot v1, https://goo.gl/fbAQLP

exports[`pipes > jest > schema JSON should merge configs 1`] = `
Map {
  "testEnvironment" => "node",
  "clearMocks" => true,
  "cacheDirectory" => "./.cache",
  "extraGlobals" => Array [
    "foo",
    "bar",
    "baz",
  ],
  "coverageThreshold" => Map {
    "global" => Map {
      "statements" => 100,
    },
  },
}
`;
