// Jest Snapshot v1, https://goo.gl/fbAQLP

exports[`strategies > pipes > babel > schema should handle empty envs 1`] = `
Map {
  "presets" => Array [
    Array [
      "env",
      Map {
        "modules" => false,
        "targets" => Map {
          "browsers" => Array [
            "> 1%",
            "last 2 versions",
            "not ie > 10",
            "not ie > 0",
          ],
        },
      },
    ],
    "stage-2",
  ],
  "plugins" => Array [
    Array [
      "syntax-dynamic-import",
      Map {
        "foo" => "bar",
      },
    ],
    "lodash",
  ],
  "env" => Map {
    "test" => Map {
      "presets" => Array [
        "env",
        "stage-2",
      ],
      "plugins" => Array [
        "dynamic-import-node",
      ],
    },
  },
  "ignore" => Array [
    "*.babelrc",
    "*.vue",
  ],
}
`;
