// Jest Snapshot v1, https://goo.gl/fbAQLP

exports[`strategies > pipes > npmignore should process npmignore configs 1`] = `
"node_modules
foo
bar
baz"
`;
