// Jest Snapshot v1, https://goo.gl/fbAQLP

exports[`utils > format applyFormat applies format to given string 1`] = `
"{
  \\"foo\\": \\"foo\\",
  \\"bar\\": \\"bar\\",
  \\"baz\\": \\"baz\\"
}"
`;

exports[`utils > format applyFormat applies format to given string 2`] = `
"foo:
  bar:
    baz: baz"
`;

exports[`utils > format applyFormat applies format to given string 3`] = `
"{
	\\"foo\\": \\"foo\\",
	\\"bar\\": \\"bar\\",
	\\"baz\\": \\"baz\\"
}"
`;

exports[`utils > format applyFormat applies format to given string 4`] = `
"foo:
  bar:
    baz: baz"
`;

exports[`utils > format indentWithSpace increases space indent 1`] = `
"{
    \\"foo\\": \\"foo\\",
    \\"bar\\": \\"bar\\",
    \\"baz\\": \\"baz\\"
}"
`;

exports[`utils > format indentWithSpace replaces all tabs with spaces 1`] = `
"{
  \\"foo\\": \\"foo\\",
  \\"bar\\": \\"bar\\",
  \\"baz\\": \\"baz\\"
}"
`;

exports[`utils > format indentWithTab doesn't affect string with tabs 1`] = `
"{
	\\"foo\\": \\"foo\\",
	\\"bar\\": \\"bar\\",
	\\"baz\\": \\"baz\\"
}"
`;

exports[`utils > format indentWithTab replaces all spaces with tabs 1`] = `
"{
	\\"foo\\": \\"foo\\",
	\\"bar\\": \\"bar\\",
	\\"baz\\": \\"baz\\"
}"
`;
