// Jest Snapshot v1, https://goo.gl/fbAQLP

exports[`sharec > install > missing name installs configs even when target package name is missed 1`] = `
"{
  \\"env\\": {
    \\"browser\\": true,
    \\"es6\\": true,
    \\"node\\": true,
    \\"jest\\": true
  },
  \\"globals\\": {
    \\"foo\\": true,
    \\"bar\\": true
  },
  \\"extends\\": \\"airbnb\\",
  \\"rules\\": {
    \\"max-len\\": [
      \\"warn\\",
      120,
      4,
      {
        \\"ignoreUrls\\": false,
        \\"ignoreComments\\": true,
        \\"ignoreStrings\\": false
      }
    ],
    \\"space-before-function-paren\\": 1,
    \\"no-console\\": 0
  },
  \\"parserOptions\\": {
    \\"parser\\": \\"babel-eslint\\",
    \\"ecmaVersion\\": 7,
    \\"ecmaFeatures\\": {
      \\"spread\\": true
    },
    \\"sourceType\\": \\"module\\"
  }
}
"
`;

exports[`sharec > install > missing name installs configs even when target package name is missed 2`] = `
"{
  \\"presets\\": [
    [
      \\"env\\",
      {
        \\"modules\\": false,
        \\"targets\\": {
          \\"browsers\\": [
            \\"> 1%\\",
            \\"last 2 versions\\",
            \\"not ie > 0\\"
          ]
        }
      }
    ],
    \\"stage-2\\"
  ],
  \\"plugins\\": [
    [
      \\"syntax-dynamic-import\\",
      {
        \\"foo\\": \\"bar\\"
      }
    ],
    \\"lodash\\"
  ],
  \\"env\\": {
    \\"test\\": {
      \\"presets\\": [
        \\"env\\",
        \\"stage-2\\"
      ],
      \\"plugins\\": [
        \\"dynamic-import-node\\"
      ]
    }
  },
  \\"ignore\\": [
    \\"*.babelrc\\"
  ]
}
"
`;

exports[`sharec > install > missing name installs configs even when target package name is missed 3`] = `
"bar
"
`;

exports[`sharec > install > missing name installs configs even when target package name is missed 4`] = `
"node_modules
foo
bar
baz
"
`;

exports[`sharec > install > missing name installs configs even when target package name is missed 5`] = `
"node_modules
foo
bar
baz
"
`;

exports[`sharec > install > missing name installs configs even when target package name is missed 6`] = `
"{
  \\"scripts\\": {
    \\"start\\": \\"rimraf && NODE_ENV=dev start-script\\",
    \\"commit\\": \\"git-cz\\",
    \\"lint\\": \\"eslint 'src/**/*.{js,jsx,json}'\\",
    \\"lint-staged\\": \\"lint-staged\\"
  },
  \\"dependencies\\": {
    \\"react\\": \\"16.0.0\\",
    \\"awesome-config\\": \\"1.0.0\\"
  },
  \\"sharec\\": {
    \\"configs\\": [
      \\"awesome-config\\"
    ],
    \\"locked\\": {
      \\"awesome-config\\": \\"1.0.0\\"
    }
  },
  \\"lint-staged\\": {
    \\"src/**/*.{js,jsx,json}\\": [
      \\"eslint --fix\\",
      \\"prettier --write\\",
      \\"git add\\"
    ]
  },
  \\"husky\\": {
    \\"hooks\\": {
      \\"pre-commit\\": \\"lint-staged\\",
      \\"commit-msg\\": \\"commitlint -E HUSKY_GIT_PARAMS\\"
    }
  },
  \\"config\\": {
    \\"commitizen\\": {
      \\"path\\": \\"cz-conventional-changelog\\"
    }
  },
  \\"prettier\\": {
    \\"semi\\": false,
    \\"singleQuote\\": true,
    \\"trailingComma\\": \\"all\\"
  },
  \\"eslintConfig\\": {
    \\"parser\\": \\"babel-eslint\\",
    \\"extends\\": [
      \\"standard\\",
      \\"prettier\\",
      \\"prettier/standard\\"
    ],
    \\"plugins\\": [
      \\"prettier\\"
    ],
    \\"env\\": {
      \\"jest\\": true,
      \\"node\\": true
    },
    \\"rules\\": {
      \\"prettier/prettier\\": [
        \\"error\\",
        {
          \\"semi\\": false,
          \\"singleQuote\\": true,
          \\"trailingComma\\": \\"all\\"
        }
      ]
    }
  },
  \\"eslintIgnore\\": [
    \\"/node_modules\\"
  ],
  \\"devDependencies\\": {
    \\"@commitlint/cli\\": \\"^7.6.1\\",
    \\"@commitlint/config-conventional\\": \\"^7.6.0\\",
    \\"babel-eslint\\": \\"^10.0.1\\",
    \\"commitizen\\": \\"^3.1.1\\",
    \\"cz-conventional-changelog\\": \\"^2.1.0\\",
    \\"eslint\\": \\"^5.16.0\\",
    \\"eslint-config-prettier\\": \\"^4.2.0\\",
    \\"eslint-config-prettier-standard\\": \\"^2.0.0\\",
    \\"eslint-config-standard\\": \\"^12.0.0\\",
    \\"eslint-plugin-import\\": \\"^2.17.2\\",
    \\"eslint-plugin-node\\": \\"^9.0.1\\",
    \\"eslint-plugin-prettier\\": \\"^3.1.0\\",
    \\"eslint-plugin-promise\\": \\"^4.1.1\\",
    \\"eslint-plugin-standard\\": \\"^4.0.0\\",
    \\"husky\\": \\"^2.2.0\\",
    \\"lint-staged\\": \\"^8.1.6\\",
    \\"prettier\\": \\"^1.17.1\\"
  }
}"
`;
