// Jest Snapshot v1, https://goo.gl/fbAQLP

exports[`pipes > browserslist > schema JSON should merge configs 1`] = `
Array [
  "last 1 version",
  "> 1%",
  "maintained node versions",
  "not dead",
]
`;
