// Jest Snapshot v1, https://goo.gl/fbAQLP

exports[`strategies > pipes > eslintignore should process eslintignore configs 1`] = `
"node_modules
foo
bar
baz"
`;
